[debug] [2026-09-29T17:21:02.077Z] ----------------------------------------------------------------------
[debug] [2026-09-29T17:21:02.082Z] Command:       /usr/local/bin/node /Users/dextersargent/.npm/_npx/7750544ccf494d8b/node_modules/.bin/firebase init apphosting
[debug] [2026-09-29T17:21:02.082Z] CLI Version:   15.32.0
[debug] [2026-09-29T17:21:02.083Z] Platform:      darwin
[debug] [2026-09-29T17:21:02.083Z] Node Version:  v22.11.0
[debug] [2026-09-29T17:21:02.083Z] Detected Agent: unknown
[debug] [2026-09-29T17:21:02.083Z] Time:          Tue Sep 29 2026 13:21:02 GMT-0400 (Eastern Daylight Time)
[debug] [2026-09-29T17:21:02.083Z] ----------------------------------------------------------------------
[debug] 
[info] 
     ######## #### ########  ######## ########     ###     ######  ########
     ##        ##  ##     ## ##       ##     ##  ##   ##  ##       ##
     ######    ##  ########  ######   ########  #########  ######  ######
     ##        ##  ##    ##  ##       ##     ## ##     ##       ## ##
     ##       #### ##     ## ######## ########  ##     ##  ######  ########

You're about to initialize a Firebase project in this directory:

  /Users/dextersargent/Documents/YUWFFL/yuwffl-app

[info] 
=== Project Setup
[info] 
[info] First, let's associate this project directory with a Firebase project.
[info] You can create multiple project aliases by running firebase use --add, 
[info] 
[debug] [2026-09-29T17:21:02.523Z] > command requires scopes: ["email","openid","https://www.googleapis.com/auth/cloudplatformprojects.readonly","https://www.googleapis.com/auth/firebase","https://www.googleapis.com/auth/cloud-platform"]
[debug] [2026-09-29T17:21:02.523Z] > authorizing via signed-in user (dextersargent@gmail.com)
[debug] [2026-09-29T17:21:02.529Z] Checked if tokens are valid: true, expires at: 1790705968135
[debug] [2026-09-29T17:21:02.529Z] Checked if tokens are valid: true, expires at: 1790705968135
[debug] [2026-09-29T17:21:02.529Z] >>> [apiv2][query] GET https://firebase.googleapis.com/v1beta1/projects/yuwffl [none]
[debug] [2026-09-29T17:21:02.893Z] <<< [apiv2][status] GET https://firebase.googleapis.com/v1beta1/projects/yuwffl 200
[debug] [2026-09-29T17:21:02.893Z] <<< [apiv2][body] GET https://firebase.googleapis.com/v1beta1/projects/yuwffl {"projectId":"yuwffl","projectNumber":"507802105954","displayName":"YUWFFL","name":"projects/yuwffl","resources":{"hostingSite":"yuwffl"},"state":"ACTIVE","labels":{"firebase":"enabled"},"etag":"1_84ce9d65-8f30-4a04-bd29-4fd45ef11440"}
[info] i  Using project yuwffl (YUWFFL) . 
[info] 
=== App Hosting Setup
[debug] [2026-09-29T17:21:02.900Z] Checked if tokens are valid: true, expires at: 1790705968135
[debug] [2026-09-29T17:21:02.901Z] Checked if tokens are valid: true, expires at: 1790705968135
[debug] [2026-09-29T17:21:02.901Z] >>> [apiv2][query] GET https://cloudbilling.googleapis.com/v1/projects/yuwffl/billingInfo [none]
[debug] [2026-09-29T17:21:02.901Z] >>> [apiv2][(partial)header] GET https://cloudbilling.googleapis.com/v1/projects/yuwffl/billingInfo  x-goog-user-project=yuwffl
[debug] [2026-09-29T17:21:03.276Z] <<< [apiv2][status] GET https://cloudbilling.googleapis.com/v1/projects/yuwffl/billingInfo 200
[debug] [2026-09-29T17:21:03.276Z] <<< [apiv2][body] GET https://cloudbilling.googleapis.com/v1/projects/yuwffl/billingInfo {"name":"projects/yuwffl/billingInfo","projectId":"yuwffl","billingAccountName":"billingAccounts/01D76D-3C33AA-E729A8","billingEnabled":true}
[debug] [2026-09-29T17:21:03.277Z] Checked if tokens are valid: true, expires at: 1790705968135
[debug] [2026-09-29T17:21:03.277Z] Checked if tokens are valid: true, expires at: 1790705968135
[debug] [2026-09-29T17:21:03.277Z] >>> [apiv2][query] GET https://serviceusage.googleapis.com/v1/projects/yuwffl/services/firebaseapphosting.googleapis.com [none]
[debug] [2026-09-29T17:21:03.277Z] >>> [apiv2][(partial)header] GET https://serviceusage.googleapis.com/v1/projects/yuwffl/services/firebaseapphosting.googleapis.com  x-goog-user-project=yuwffl
[debug] [2026-09-29T17:21:04.515Z] <<< [apiv2][status] GET https://serviceusage.googleapis.com/v1/projects/yuwffl/services/firebaseapphosting.googleapis.com 200
[debug] [2026-09-29T17:21:04.516Z] <<< [apiv2][body] GET https://serviceusage.googleapis.com/v1/projects/yuwffl/services/firebaseapphosting.googleapis.com [omitted]
[debug] [2026-09-29T17:21:04.516Z] Checked if tokens are valid: true, expires at: 1790705968135
[debug] [2026-09-29T17:21:04.516Z] Checked if tokens are valid: true, expires at: 1790705968135
[debug] [2026-09-29T17:21:04.516Z] >>> [apiv2][query] POST https://serviceusage.googleapis.com/v1/projects/yuwffl/services/firebaseapphosting.googleapis.com:enable [none]
[debug] [2026-09-29T17:21:04.516Z] >>> [apiv2][(partial)header] POST https://serviceusage.googleapis.com/v1/projects/yuwffl/services/firebaseapphosting.googleapis.com:enable  x-goog-user-project=yuwffl
[debug] [2026-09-29T17:21:05.188Z] <<< [apiv2][status] POST https://serviceusage.googleapis.com/v1/projects/yuwffl/services/firebaseapphosting.googleapis.com:enable 200
[debug] [2026-09-29T17:21:05.189Z] <<< [apiv2][body] POST https://serviceusage.googleapis.com/v1/projects/yuwffl/services/firebaseapphosting.googleapis.com:enable [omitted]
[debug] [2026-09-29T17:21:15.201Z] Checked if tokens are valid: true, expires at: 1790705968135
[debug] [2026-09-29T17:21:15.202Z] Checked if tokens are valid: true, expires at: 1790705968135
[debug] [2026-09-29T17:21:15.202Z] Checked if tokens are valid: true, expires at: 1790705968135
[debug] [2026-09-29T17:21:15.202Z] Checked if tokens are valid: true, expires at: 1790705968135
[debug] [2026-09-29T17:21:15.203Z] Checked if tokens are valid: true, expires at: 1790705968135
[debug] [2026-09-29T17:21:15.203Z] Checked if tokens are valid: true, expires at: 1790705968135
[debug] [2026-09-29T17:21:15.203Z] Checked if tokens are valid: true, expires at: 1790705968135
[debug] [2026-09-29T17:21:15.204Z] Checked if tokens are valid: true, expires at: 1790705968135
[debug] [2026-09-29T17:21:15.204Z] Checked if tokens are valid: true, expires at: 1790705968135
[debug] [2026-09-29T17:21:15.204Z] Checked if tokens are valid: true, expires at: 1790705968135
[debug] [2026-09-29T17:21:15.204Z] Checked if tokens are valid: true, expires at: 1790705968135
[debug] [2026-09-29T17:21:15.204Z] Checked if tokens are valid: true, expires at: 1790705968135
[debug] [2026-09-29T17:21:15.205Z] >>> [apiv2][query] GET https://serviceusage.googleapis.com/v1/projects/yuwffl/services/developerconnect.googleapis.com [none]
[debug] [2026-09-29T17:21:15.205Z] >>> [apiv2][(partial)header] GET https://serviceusage.googleapis.com/v1/projects/yuwffl/services/developerconnect.googleapis.com  x-goog-user-project=yuwffl
[debug] [2026-09-29T17:21:15.208Z] >>> [apiv2][query] GET https://serviceusage.googleapis.com/v1/projects/yuwffl/services/cloudbuild.googleapis.com [none]
[debug] [2026-09-29T17:21:15.208Z] >>> [apiv2][(partial)header] GET https://serviceusage.googleapis.com/v1/projects/yuwffl/services/cloudbuild.googleapis.com  x-goog-user-project=yuwffl
[debug] [2026-09-29T17:21:15.209Z] >>> [apiv2][query] GET https://serviceusage.googleapis.com/v1/projects/yuwffl/services/secretmanager.googleapis.com [none]
[debug] [2026-09-29T17:21:15.210Z] >>> [apiv2][(partial)header] GET https://serviceusage.googleapis.com/v1/projects/yuwffl/services/secretmanager.googleapis.com  x-goog-user-project=yuwffl
[debug] [2026-09-29T17:21:15.211Z] >>> [apiv2][query] GET https://serviceusage.googleapis.com/v1/projects/yuwffl/services/run.googleapis.com [none]
[debug] [2026-09-29T17:21:15.211Z] >>> [apiv2][(partial)header] GET https://serviceusage.googleapis.com/v1/projects/yuwffl/services/run.googleapis.com  x-goog-user-project=yuwffl
[debug] [2026-09-29T17:21:15.213Z] >>> [apiv2][query] GET https://serviceusage.googleapis.com/v1/projects/yuwffl/services/artifactregistry.googleapis.com [none]
[debug] [2026-09-29T17:21:15.213Z] >>> [apiv2][(partial)header] GET https://serviceusage.googleapis.com/v1/projects/yuwffl/services/artifactregistry.googleapis.com  x-goog-user-project=yuwffl
[debug] [2026-09-29T17:21:15.216Z] >>> [apiv2][query] GET https://serviceusage.googleapis.com/v1/projects/yuwffl/services/iam.googleapis.com [none]
[debug] [2026-09-29T17:21:15.216Z] >>> [apiv2][(partial)header] GET https://serviceusage.googleapis.com/v1/projects/yuwffl/services/iam.googleapis.com  x-goog-user-project=yuwffl
[debug] [2026-09-29T17:21:15.575Z] <<< [apiv2][status] GET https://serviceusage.googleapis.com/v1/projects/yuwffl/services/run.googleapis.com 200
[debug] [2026-09-29T17:21:15.576Z] <<< [apiv2][body] GET https://serviceusage.googleapis.com/v1/projects/yuwffl/services/run.googleapis.com [omitted]
[debug] [2026-09-29T17:21:15.586Z] <<< [apiv2][status] GET https://serviceusage.googleapis.com/v1/projects/yuwffl/services/cloudbuild.googleapis.com 200
[debug] [2026-09-29T17:21:15.587Z] <<< [apiv2][body] GET https://serviceusage.googleapis.com/v1/projects/yuwffl/services/cloudbuild.googleapis.com [omitted]
[debug] [2026-09-29T17:21:15.597Z] <<< [apiv2][status] GET https://serviceusage.googleapis.com/v1/projects/yuwffl/services/secretmanager.googleapis.com 200
[debug] [2026-09-29T17:21:15.597Z] <<< [apiv2][body] GET https://serviceusage.googleapis.com/v1/projects/yuwffl/services/secretmanager.googleapis.com [omitted]
[debug] [2026-09-29T17:21:15.602Z] <<< [apiv2][status] GET https://serviceusage.googleapis.com/v1/projects/yuwffl/services/developerconnect.googleapis.com 200
[debug] [2026-09-29T17:21:15.603Z] <<< [apiv2][body] GET https://serviceusage.googleapis.com/v1/projects/yuwffl/services/developerconnect.googleapis.com [omitted]
[debug] [2026-09-29T17:21:15.603Z] Checked if tokens are valid: true, expires at: 1790705968135
[debug] [2026-09-29T17:21:15.603Z] Checked if tokens are valid: true, expires at: 1790705968135
[debug] [2026-09-29T17:21:15.603Z] >>> [apiv2][query] POST https://serviceusage.googleapis.com/v1/projects/yuwffl/services/developerconnect.googleapis.com:enable [none]
[debug] [2026-09-29T17:21:15.603Z] >>> [apiv2][(partial)header] POST https://serviceusage.googleapis.com/v1/projects/yuwffl/services/developerconnect.googleapis.com:enable  x-goog-user-project=yuwffl
[debug] [2026-09-29T17:21:15.604Z] <<< [apiv2][status] GET https://serviceusage.googleapis.com/v1/projects/yuwffl/services/artifactregistry.googleapis.com 200
[debug] [2026-09-29T17:21:15.604Z] <<< [apiv2][body] GET https://serviceusage.googleapis.com/v1/projects/yuwffl/services/artifactregistry.googleapis.com [omitted]
[debug] [2026-09-29T17:21:15.610Z] <<< [apiv2][status] GET https://serviceusage.googleapis.com/v1/projects/yuwffl/services/iam.googleapis.com 200
[debug] [2026-09-29T17:21:15.610Z] <<< [apiv2][body] GET https://serviceusage.googleapis.com/v1/projects/yuwffl/services/iam.googleapis.com [omitted]
[debug] [2026-09-29T17:21:16.014Z] <<< [apiv2][status] POST https://serviceusage.googleapis.com/v1/projects/yuwffl/services/developerconnect.googleapis.com:enable 200
[debug] [2026-09-29T17:21:16.014Z] <<< [apiv2][body] POST https://serviceusage.googleapis.com/v1/projects/yuwffl/services/developerconnect.googleapis.com:enable [omitted]
[debug] [2026-09-29T17:21:26.031Z] Checked if tokens are valid: true, expires at: 1790705968135
[debug] [2026-09-29T17:21:26.032Z] Checked if tokens are valid: true, expires at: 1790705968135
[debug] [2026-09-29T17:21:26.033Z] >>> [apiv2][query] POST https://iam.googleapis.com/v1/projects/yuwffl/serviceAccounts/firebase-app-hosting-compute@yuwffl.iam.gserviceaccount.com:testIamPermissions [none]
[debug] [2026-09-29T17:21:26.033Z] >>> [apiv2][(partial)header] POST https://iam.googleapis.com/v1/projects/yuwffl/serviceAccounts/firebase-app-hosting-compute@yuwffl.iam.gserviceaccount.com:testIamPermissions  x-goog-user-project=yuwffl
[debug] [2026-09-29T17:21:26.033Z] >>> [apiv2][body] POST https://iam.googleapis.com/v1/projects/yuwffl/serviceAccounts/firebase-app-hosting-compute@yuwffl.iam.gserviceaccount.com:testIamPermissions {"permissions":["iam.serviceAccounts.actAs"]}
[debug] [2026-09-29T17:21:26.392Z] <<< [apiv2][status] POST https://iam.googleapis.com/v1/projects/yuwffl/serviceAccounts/firebase-app-hosting-compute@yuwffl.iam.gserviceaccount.com:testIamPermissions 404
[debug] [2026-09-29T17:21:26.392Z] <<< [apiv2][body] POST https://iam.googleapis.com/v1/projects/yuwffl/serviceAccounts/firebase-app-hosting-compute@yuwffl.iam.gserviceaccount.com:testIamPermissions {"error":{"code":404,"message":"Unknown service account","status":"NOT_FOUND"}}
[debug] [2026-09-29T17:21:26.393Z] Checked if tokens are valid: true, expires at: 1790705968135
[debug] [2026-09-29T17:21:26.393Z] Checked if tokens are valid: true, expires at: 1790705968135
[debug] [2026-09-29T17:21:26.394Z] >>> [apiv2][query] GET https://iam.googleapis.com/v1/projects/yuwffl/serviceAccounts/firebase-app-hosting-compute@yuwffl.iam.gserviceaccount.com [none]
[debug] [2026-09-29T17:21:26.499Z] <<< [apiv2][status] GET https://iam.googleapis.com/v1/projects/yuwffl/serviceAccounts/firebase-app-hosting-compute@yuwffl.iam.gserviceaccount.com 404
[debug] [2026-09-29T17:21:26.499Z] <<< [apiv2][body] GET https://iam.googleapis.com/v1/projects/yuwffl/serviceAccounts/firebase-app-hosting-compute@yuwffl.iam.gserviceaccount.com {"error":{"code":404,"message":"Unknown service account","status":"NOT_FOUND"}}
[debug] [2026-09-29T17:21:26.500Z] Checked if tokens are valid: true, expires at: 1790705968135
[debug] [2026-09-29T17:21:26.501Z] Checked if tokens are valid: true, expires at: 1790705968135
[debug] [2026-09-29T17:21:26.501Z] >>> [apiv2][query] POST https://iam.googleapis.com/v1/projects/yuwffl/serviceAccounts [none]
[debug] [2026-09-29T17:21:26.501Z] >>> [apiv2][body] POST https://iam.googleapis.com/v1/projects/yuwffl/serviceAccounts {"accountId":"firebase-app-hosting-compute","serviceAccount":{"displayName":"Firebase App Hosting compute service account","description":"Default service account used to run builds and deploys for Firebase App Hosting"}}
[debug] [2026-09-29T17:21:26.950Z] <<< [apiv2][status] POST https://iam.googleapis.com/v1/projects/yuwffl/serviceAccounts 200
[debug] [2026-09-29T17:21:26.950Z] <<< [apiv2][body] POST https://iam.googleapis.com/v1/projects/yuwffl/serviceAccounts [omitted]
[debug] [2026-09-29T17:21:26.952Z] Checked if tokens are valid: true, expires at: 1790705968135
[debug] [2026-09-29T17:21:26.952Z] Checked if tokens are valid: true, expires at: 1790705968135
[debug] [2026-09-29T17:21:26.952Z] >>> [apiv2][query] POST https://cloudresourcemanager.googleapis.com/v1/projects/yuwffl:getIamPolicy [none]
[debug] [2026-09-29T17:21:27.392Z] <<< [apiv2][status] POST https://cloudresourcemanager.googleapis.com/v1/projects/yuwffl:getIamPolicy 200
[debug] [2026-09-29T17:21:27.392Z] <<< [apiv2][body] POST https://cloudresourcemanager.googleapis.com/v1/projects/yuwffl:getIamPolicy {"version":1,"etag":"BwZcomjgTzQ=","bindings":[{"role":"roles/cloudbuild.builds.builder","members":["serviceAccount:507802105954@cloudbuild.gserviceaccount.com"]},{"role":"roles/cloudbuild.serviceAgent","members":["serviceAccount:service-507802105954@gcp-sa-cloudbuild.iam.gserviceaccount.com"]},{"role":"roles/containerregistry.ServiceAgent","members":["serviceAccount:service-507802105954@containerregistry.iam.gserviceaccount.com"]},{"role":"roles/editor","members":["serviceAccount:507802105954-compute@developer.gserviceaccount.com"]},{"role":"roles/firebase.managementServiceAgent","members":["serviceAccount:service-507802105954@gcp-sa-firebase.iam.gserviceaccount.com"]},{"role":"roles/firebase.sdkAdminServiceAgent","members":["serviceAccount:firebase-adminsdk-fbsvc@yuwffl.iam.gserviceaccount.com"]},{"role":"roles/firebaseauth.admin","members":["serviceAccount:firebase-adminsdk-fbsvc@yuwffl.iam.gserviceaccount.com"]},{"role":"roles/firebaserules.system","members":["serviceAccount:service-507802105954@firebase-rules.iam.gserviceaccount.com"]},{"role":"roles/firestore.serviceAgent","members":["serviceAccount:service-507802105954@gcp-sa-firestore.iam.gserviceaccount.com"]},{"role":"roles/iam.serviceAccountTokenCreator","members":["serviceAccount:firebase-adminsdk-fbsvc@yuwffl.iam.gserviceaccount.com"]},{"role":"roles/owner","members":["user:dextersargent@gmail.com"]},{"role":"roles/run.serviceAgent","members":["serviceAccount:service-507802105954@serverless-robot-prod.iam.gserviceaccount.com"]}]}
[debug] [2026-09-29T17:21:27.393Z] Checked if tokens are valid: true, expires at: 1790705968135
[debug] [2026-09-29T17:21:27.393Z] Checked if tokens are valid: true, expires at: 1790705968135
[debug] [2026-09-29T17:21:27.393Z] >>> [apiv2][query] POST https://cloudresourcemanager.googleapis.com/v1/projects/yuwffl:setIamPolicy [none]
[debug] [2026-09-29T17:21:27.393Z] >>> [apiv2][body] POST https://cloudresourcemanager.googleapis.com/v1/projects/yuwffl:setIamPolicy {"policy":{"version":1,"etag":"BwZcomjgTzQ=","bindings":[{"role":"roles/cloudbuild.builds.builder","members":["serviceAccount:507802105954@cloudbuild.gserviceaccount.com"]},{"role":"roles/cloudbuild.serviceAgent","members":["serviceAccount:service-507802105954@gcp-sa-cloudbuild.iam.gserviceaccount.com"]},{"role":"roles/containerregistry.ServiceAgent","members":["serviceAccount:service-507802105954@containerregistry.iam.gserviceaccount.com"]},{"role":"roles/editor","members":["serviceAccount:507802105954-compute@developer.gserviceaccount.com"]},{"role":"roles/firebase.managementServiceAgent","members":["serviceAccount:service-507802105954@gcp-sa-firebase.iam.gserviceaccount.com"]},{"role":"roles/firebase.sdkAdminServiceAgent","members":["serviceAccount:firebase-adminsdk-fbsvc@yuwffl.iam.gserviceaccount.com","serviceAccount:firebase-app-hosting-compute@yuwffl.iam.gserviceaccount.com"]},{"role":"roles/firebaseauth.admin","members":["serviceAccount:firebase-adminsdk-fbsvc@yuwffl.iam.gserviceaccount.com"]},{"role":"roles/firebaserules.system","members":["serviceAccount:service-507802105954@firebase-rules.iam.gserviceaccount.com"]},{"role":"roles/firestore.serviceAgent","members":["serviceAccount:service-507802105954@gcp-sa-firestore.iam.gserviceaccount.com"]},{"role":"roles/iam.serviceAccountTokenCreator","members":["serviceAccount:firebase-adminsdk-fbsvc@yuwffl.iam.gserviceaccount.com"]},{"role":"roles/owner","members":["user:dextersargent@gmail.com"]},{"role":"roles/run.serviceAgent","members":["serviceAccount:service-507802105954@serverless-robot-prod.iam.gserviceaccount.com"]},{"role":"roles/firebaseapphosting.computeRunner","members":["serviceAccount:firebase-app-hosting-compute@yuwffl.iam.gserviceaccount.com"]},{"role":"roles/developerconnect.readTokenAccessor","members":["serviceAccount:firebase-app-hosting-compute@yuwffl.iam.gserviceaccount.com"]},{"role":"roles/storage.objectViewer","members":["serviceAccount:firebase-app-hosting-compute@yuwffl.iam.gserviceaccount.com"]}]},"updateMask":"bindings"}
[debug] [2026-09-29T17:21:28.022Z] <<< [apiv2][status] POST https://cloudresourcemanager.googleapis.com/v1/projects/yuwffl:setIamPolicy 200
[debug] [2026-09-29T17:21:28.023Z] <<< [apiv2][body] POST https://cloudresourcemanager.googleapis.com/v1/projects/yuwffl:setIamPolicy {"version":1,"etag":"BwZcommysT0=","bindings":[{"role":"roles/cloudbuild.builds.builder","members":["serviceAccount:507802105954@cloudbuild.gserviceaccount.com"]},{"role":"roles/cloudbuild.serviceAgent","members":["serviceAccount:service-507802105954@gcp-sa-cloudbuild.iam.gserviceaccount.com"]},{"role":"roles/containerregistry.ServiceAgent","members":["serviceAccount:service-507802105954@containerregistry.iam.gserviceaccount.com"]},{"role":"roles/developerconnect.readTokenAccessor","members":["serviceAccount:firebase-app-hosting-compute@yuwffl.iam.gserviceaccount.com"]},{"role":"roles/editor","members":["serviceAccount:507802105954-compute@developer.gserviceaccount.com"]},{"role":"roles/firebase.managementServiceAgent","members":["serviceAccount:service-507802105954@gcp-sa-firebase.iam.gserviceaccount.com"]},{"role":"roles/firebase.sdkAdminServiceAgent","members":["serviceAccount:firebase-adminsdk-fbsvc@yuwffl.iam.gserviceaccount.com","serviceAccount:firebase-app-hosting-compute@yuwffl.iam.gserviceaccount.com"]},{"role":"roles/firebaseapphosting.computeRunner","members":["serviceAccount:firebase-app-hosting-compute@yuwffl.iam.gserviceaccount.com"]},{"role":"roles/firebaseauth.admin","members":["serviceAccount:firebase-adminsdk-fbsvc@yuwffl.iam.gserviceaccount.com"]},{"role":"roles/firebaserules.system","members":["serviceAccount:service-507802105954@firebase-rules.iam.gserviceaccount.com"]},{"role":"roles/firestore.serviceAgent","members":["serviceAccount:service-507802105954@gcp-sa-firestore.iam.gserviceaccount.com"]},{"role":"roles/iam.serviceAccountTokenCreator","members":["serviceAccount:firebase-adminsdk-fbsvc@yuwffl.iam.gserviceaccount.com"]},{"role":"roles/owner","members":["user:dextersargent@gmail.com"]},{"role":"roles/run.serviceAgent","members":["serviceAccount:service-507802105954@serverless-robot-prod.iam.gserviceaccount.com"]},{"role":"roles/storage.objectViewer","members":["serviceAccount:firebase-app-hosting-compute@yuwffl.iam.gserviceaccount.com"]}]}
[info] i  This command links your local project to Firebase App Hosting. You will be able to deploy your web app with `firebase deploy` after setup. 
[debug] [2026-09-29T17:23:42.253Z] Checked if tokens are valid: true, expires at: 1790705968135
[debug] [2026-09-29T17:23:42.254Z] Checked if tokens are valid: true, expires at: 1790705968135
[debug] [2026-09-29T17:23:42.255Z] >>> [apiv2][query] GET https://firebaseapphosting.googleapis.com/v1beta/projects/yuwffl/locations/-/backends 
[debug] [2026-09-29T17:23:42.982Z] <<< [apiv2][status] GET https://firebaseapphosting.googleapis.com/v1beta/projects/yuwffl/locations/-/backends 200
[debug] [2026-09-29T17:23:42.982Z] <<< [apiv2][body] GET https://firebaseapphosting.googleapis.com/v1beta/projects/yuwffl/locations/-/backends {}
[debug] [2026-09-29T17:27:39.774Z] ExitPromptError: User force closed the prompt with SIGINT
    at Interface.sigint (/Users/dextersargent/.npm/_npx/7750544ccf494d8b/node_modules/@inquirer/core/dist/commonjs/lib/create-prompt.js:101:37)
    at Interface.emit (node:events:518:28)
    at [_ttyWrite] [as _ttyWrite] (node:internal/readline/interface:1124:18)
    at ReadStream.onkeypress (node:internal/readline/interface:263:20)
    at ReadStream.emit (node:events:530:35)
    at emitKeys (node:internal/readline/utils:370:14)
    at emitKeys.next (<anonymous>)
    at ReadStream.onData (node:internal/readline/emitKeypressEvents:64:36)
    at ReadStream.emit (node:events:518:28)
    at addChunk (node:internal/streams/readable:561:12)
[error] 
[error] Error: An unexpected error has occurred.
